.\.venv\Scripts\python.exe : Using existing test database for alias 'default' 
('file:memorydb_default?mode=memory&cache=shared')...
At line:1 char:1
+ .\.venv\Scripts\python.exe manage.py test tests.integration.test_uplo ...
+ ~~~~~~~~~~~~~~~~~~~~~~~~~~~~~~~~~~~~~~~~~~~~~~~~~~~~~~~~~~~~~~~~~~~~~
    + CategoryInfo          : NotSpecified: (Using existing ...che=shared')... 
   :String) [], RemoteException
    + FullyQualifiedErrorId : NativeCommandError
 

Found 18 test(s).
Operations to perform:
  Synchronize unmigrated apps: staticfiles
  Apply all migrations: contenttypes, persistence
Synchronizing apps without migrations:
  Creating tables...
    Running deferred SQL...
Running migrations:
  Applying contenttypes.0001_initial... OK
  Applying contenttypes.0002_remove_content_type_name... OK
test_upload_handles_corrupted_pdf (tests.integration.test_upload_workflow_with_
fixtures.UploadWorkflowErrorHandlingTests.test_upload_handles_corrupted_pdf)
Upload corrupted PDF should handle gracefully. ... Using CPU. Note: This 
module is much faster with a GPU.
ok
test_upload_handles_unsupported_file_type (tests.integration.test_upload_workfl
ow_with_fixtures.UploadWorkflowErrorHandlingTests.test_upload_handles_unsupport
ed_file_type)
Upload unsupported file type should route to review. ... ok
test_upload_very_large_file_handles_reasonably (tests.integration.test_upload_w
orkflow_with_fixtures.UploadWorkflowErrorHandlingTests.test_upload_very_large_f
ile_handles_reasonably)
Upload very large file attempts graceful handling. ... Using CPU. Note: This 
module is much faster with a GPU.
Could not get FontBBox from font descriptor because None cannot be parsed as 4 
floats
ok
test_upload_creates_persistence_batch_on_success (tests.integration.test_upload
_workflow_with_fixtures.UploadWorkflowFixtureTests.test_upload_creates_persiste
nce_batch_on_success)
Verify that successful upload creates persistence batch and items. ... Using 
CPU. Note: This module is much faster with a GPU.
Could not get FontBBox from font descriptor because None cannot be parsed as 4 
floats
ok
test_upload_displays_extracted_item_preview (tests.integration.test_upload_work
flow_with_fixtures.UploadWorkflowFixtureTests.test_upload_displays_extracted_it
em_preview)
Verify upload response displays extracted item preview table. ... Using CPU. 
Note: This module is much faster with a GPU.
Could not get FontBBox from font descriptor because None cannot be parsed as 4 
floats
ok
test_upload_handles_empty_file (tests.integration.test_upload_workflow_with_fix
tures.UploadWorkflowFixtureTests.test_upload_handles_empty_file)
Upload empty file should produce error message. ... ok
test_upload_handles_missing_file (tests.integration.test_upload_workflow_with_f
ixtures.UploadWorkflowFixtureTests.test_upload_handles_missing_file)
POST without file should show error message. ... ok
test_upload_image_heavy_pdf_routes_to_ocr (tests.integration.test_upload_workfl
ow_with_fixtures.UploadWorkflowFixtureTests.test_upload_image_heavy_pdf_routes_
to_ocr)
Upload image-heavy PDF and verify OCR routing. ... ok
test_upload_mixed_quality_pdf_handles_partial_success (tests.integration.test_u
pload_workflow_with_fixtures.UploadWorkflowFixtureTests.test_upload_mixed_quali
ty_pdf_handles_partial_success)
Upload mixed-quality PDF with text and image pages. ... ok
test_upload_table_heavy_pdf_detects_layout_flag (tests.integration.test_upload_
workflow_with_fixtures.UploadWorkflowFixtureTests.test_upload_table_heavy_pdf_d
etects_layout_flag)
Upload table-heavy PDF and verify layout detection. ... Using CPU. Note: This 
module is much faster with a GPU.
Could not get FontBBox from font descriptor because None cannot be parsed as 4 
floats
ok
test_upload_text_heavy_pdf_routes_to_native_text (tests.integration.test_upload
_workflow_with_fixtures.UploadWorkflowFixtureTests.test_upload_text_heavy_pdf_r
outes_to_native_text)
Upload text-heavy PDF and verify native_text routing. ... Using CPU. Note: 
This module is much faster with a GPU.
Could not get FontBBox from font descriptor because None cannot be parsed as 4 
floats
ok
test_upload_two_column_pdf_detects_layout_flag (tests.integration.test_upload_w
orkflow_with_fixtures.UploadWorkflowFixtureTests.test_upload_two_column_pdf_det
ects_layout_flag)
Upload two-column PDF and verify layout detection. ... Using CPU. Note: This 
module is much faster with a GPU.
Could not get FontBBox from font descriptor because None cannot be parsed as 4 
floats
ok
test_upload_applies_stage_a_ingestion_pipeline (tests.integration.test_upload_w
orkflow_with_fixtures.UploadWorkflowRoutingTests.test_upload_applies_stage_a_in
gestion_pipeline)
Verify upload invokes Stage A ingestion pipeline. ... Using CPU. Note: This 
module is much faster with a GPU.
Could not get FontBBox from font descriptor because None cannot be parsed as 4 
floats
ok
test_upload_enables_persistence_by_default (tests.integration.test_upload_workf
low_with_fixtures.UploadWorkflowRoutingTests.test_upload_enables_persistence_by
_default)
Verify upload enables database persistence. ... Using CPU. Note: This module 
is much faster with a GPU.
Could not get FontBBox from font descriptor because None cannot be parsed as 4 
floats
ok
test_upload_includes_downstream_validation_by_default (tests.integration.test_u
pload_workflow_with_fixtures.UploadWorkflowRoutingTests.test_upload_includes_do
wnstream_validation_by_default)
Verify upload enables downstream confidence validation. ... Using CPU. Note: 
This module is much faster with a GPU.
Could not get FontBBox from font descriptor because None cannot be parsed as 4 
floats
ok
test_upload_page_renders_error_box_on_error (tests.integration.test_upload_work
flow_with_fixtures.UploadWorkflowTemplateRenderingTests.test_upload_page_render
s_error_box_on_error)
POST with invalid file renders error box. ... ok
test_upload_page_renders_success_box_on_post (tests.integration.test_upload_wor
kflow_with_fixtures.UploadWorkflowTemplateRenderingTests.test_upload_page_rende
rs_success_box_on_post)
POST with valid file renders success box. ... Using CPU. Note: This module is 
much faster with a GPU.
Could not get FontBBox from font descriptor because None cannot be parsed as 4 
floats
ok
test_upload_page_renders_without_results (tests.integration.test_upload_workflo
w_with_fixtures.UploadWorkflowTemplateRenderingTests.test_upload_page_renders_w
ithout_results)
GET upload page renders empty form. ... ok

----------------------------------------------------------------------
Ran 18 tests in 98.916s

OK
Preserving test database for alias 'default' 
('file:memorydb_default?mode=memory&cache=shared')...

  Applying persistence.0001_initial... OK
System check identified no issues (0 silenced).
